src/app/listings/new/page.tsx(109,3): error TS2304: Cannot find name 'useEffect'.
